{"level":"info","time":"2026-04-07T04:36:42Z","message":"Thank you for trying Cloudflare Tunnel. Doing so, without a Cloudflare account, is a quick way to experiment and try it out. However, be aware that these account-less Tunnels have no uptime guarantee, are subject to the Cloudflare Online Services Terms of Use (https://www.cloudflare.com/website-terms/), and Cloudflare reserves the right to investigate your use of Tunnels for violations of such terms. If you intend to use Tunnels in production you should use a pre-created named tunnel by following: https://developers.cloudflare.com/cloudflare-one/connections/connect-apps"}
{"level":"info","time":"2026-04-07T04:36:42Z","message":"Requesting new quick Tunnel on trycloudflare.com..."}
{"level":"info","time":"2026-04-07T04:36:47Z","message":"+--------------------------------------------------------------------------------------------+"}
{"level":"info","time":"2026-04-07T04:36:47Z","message":"|  Your quick Tunnel has been created! Visit it at (it may take some time to be reachable):  |"}
{"level":"info","time":"2026-04-07T04:36:47Z","message":"|  https://allied-probability-chorus-pros.trycloudflare.com                                  |"}
{"level":"info","time":"2026-04-07T04:36:47Z","message":"+--------------------------------------------------------------------------------------------+"}
{"level":"info","time":"2026-04-07T04:36:47Z","message":"Cannot determine default configuration path. No file [config.yml config.yaml] in [~/.cloudflared ~/.cloudflare-warp ~/cloudflare-warp]"}
{"level":"info","time":"2026-04-07T04:36:47Z","message":"Version 2026.3.0 (Checksum 59b12880b24af581cf5b1013db601c7d843b9b097e9c78aa5957c7f39f741885)"}
{"level":"info","time":"2026-04-07T04:36:47Z","message":"GOOS: windows, GOVersion: go1.24.13, GoArch: amd64"}
{"level":"info","time":"2026-04-07T04:36:47Z","message":"Settings: map[ha-connections:1 logfile:E:\\Study_project\\C#\\FoodStreet\\FoodStreet\\FoodStreetPoiAdmin\\App_Data\\cloudflared-quick.log loglevel:info no-autoupdate:true protocol:quic url:http://localhost:5187]"}
{"level":"info","time":"2026-04-07T04:36:47Z","message":"cloudflared will not automatically update on Windows systems."}
{"level":"info","time":"2026-04-07T04:36:47Z","message":"Generated Connector ID: 2ce19704-1f8f-49d7-8409-da73914cae95"}
{"level":"info","time":"2026-04-07T04:36:47Z","message":"Initial protocol quic"}
{"level":"info","time":"2026-04-07T04:36:47Z","message":"ICMP proxy will use 192.168.2.15 as source for IPv4"}
{"level":"info","time":"2026-04-07T04:36:47Z","message":"ICMP proxy will use fe80::7731:630b:ce46:5283 in zone Wi-Fi as source for IPv6"}
{"level":"info","time":"2026-04-07T04:36:47Z","message":"cloudflared does not support loading the system root certificate pool on Windows. Please use --origin-ca-pool <PATH> to specify the path to the certificate pool"}
{"level":"info","time":"2026-04-07T04:36:47Z","message":"ICMP proxy will use 192.168.2.15 as source for IPv4"}
{"level":"info","event":0,"ip":"198.41.192.7","connIndex":0,"time":"2026-04-07T04:36:47Z","message":"Tunnel connection curve preferences: [X25519MLKEM768 CurveP256]"}
{"level":"info","time":"2026-04-07T04:36:47Z","message":"ICMP proxy will use fe80::7731:630b:ce46:5283 in zone Wi-Fi as source for IPv6"}
{"level":"info","time":"2026-04-07T04:36:47Z","message":"Starting metrics server on 127.0.0.1:20242/metrics"}
{"level":"info","event":0,"connection":"dbc4c35e-7181-46e2-bb89-81b56717ba62","connIndex":0,"location":"sin21","ip":"198.41.192.7","protocol":"quic","time":"2026-04-07T04:36:48Z","message":"Registered tunnel connection"}
{"level":"error","error":"lookup region1.v2.argotunnel.com: i/o timeout","time":"2026-04-07T04:36:52Z","message":"Failed to initialize DNS local resolver"}
{"level":"error","error":"lookup region1.v2.argotunnel.com: i/o timeout","time":"2026-04-07T04:41:57Z","message":"Failed to refresh DNS local resolver"}
{"level":"error","error":"lookup region1.v2.argotunnel.com: i/o timeout","time":"2026-04-07T04:47:02Z","message":"Failed to refresh DNS local resolver"}
{"level":"error","error":"lookup region1.v2.argotunnel.com: i/o timeout","time":"2026-04-07T04:52:07Z","message":"Failed to refresh DNS local resolver"}
{"level":"error","error":"lookup region1.v2.argotunnel.com: i/o timeout","time":"2026-04-07T04:57:12Z","message":"Failed to refresh DNS local resolver"}
{"level":"error","error":"lookup region1.v2.argotunnel.com: i/o timeout","time":"2026-04-07T05:02:17Z","message":"Failed to refresh DNS local resolver"}
{"level":"error","error":"lookup region1.v2.argotunnel.com: i/o timeout","time":"2026-04-07T05:07:22Z","message":"Failed to refresh DNS local resolver"}
{"level":"error","error":"lookup region1.v2.argotunnel.com: i/o timeout","time":"2026-04-07T05:12:27Z","message":"Failed to refresh DNS local resolver"}
